127.0.0.1 - - [10/Dec/2018:08:29:08 +0000] "GET / HTTP/1.1" 404 1074
0:0:0:0:0:0:0:1 - - [10/Dec/2018:08:29:12 +0000] "GET /Students_Information/faces/students.xhtml HTTP/1.1" 200 5210
0:0:0:0:0:0:0:1 - - [10/Dec/2018:08:29:13 +0000] "GET /Students_Information/faces/javax.faces.resource/tables.css;jsessionid=5409DA9CD5EAD5B84876AF7ABB0973D1?ln=css HTTP/1.1" 200 367
0:0:0:0:0:0:0:1 - - [10/Dec/2018:08:29:13 +0000] "GET /favicon.ico HTTP/1.1" 404 1085
0:0:0:0:0:0:0:1 - - [10/Dec/2018:08:29:45 +0000] "POST /Students_Information/faces/students.xhtml;jsessionid=5409DA9CD5EAD5B84876AF7ABB0973D1 HTTP/1.1" 200 1414
0:0:0:0:0:0:0:1 - - [10/Dec/2018:08:30:28 +0000] "POST /Students_Information/faces/addStudents.xhtml HTTP/1.1" 200 1523
0:0:0:0:0:0:0:1 - - [10/Dec/2018:08:30:39 +0000] "POST /Students_Information/faces/addStudents.xhtml HTTP/1.1" 200 1575
0:0:0:0:0:0:0:1 - - [10/Dec/2018:08:30:53 +0000] "POST /Students_Information/faces/addStudents.xhtml HTTP/1.1" 200 1569
0:0:0:0:0:0:0:1 - - [10/Dec/2018:08:31:10 +0000] "POST /Students_Information/faces/addStudents.xhtml HTTP/1.1" 200 1565
0:0:0:0:0:0:0:1 - - [10/Dec/2018:08:31:35 +0000] "POST /Students_Information/faces/addStudents.xhtml HTTP/1.1" 200 1613
127.0.0.1 - - [10/Dec/2018:09:51:23 +0000] "GET / HTTP/1.1" 404 1074
0:0:0:0:0:0:0:1 - - [10/Dec/2018:09:51:25 +0000] "GET /Students_Information/faces/addStudents.xhtml HTTP/1.1" 200 1547
0:0:0:0:0:0:0:1 - - [10/Dec/2018:09:51:25 +0000] "GET /favicon.ico HTTP/1.1" 404 1085
0:0:0:0:0:0:0:1 - - [10/Dec/2018:09:52:00 +0000] "POST /Students_Information/faces/addStudents.xhtml;jsessionid=B0D1E074EAD9E52982836CC588FC9DDF HTTP/1.1" 200 5564
127.0.0.1 - - [10/Dec/2018:09:54:24 +0000] "GET / HTTP/1.1" 404 1074
0:0:0:0:0:0:0:1 - - [10/Dec/2018:09:54:26 +0000] "GET /Students_Information/faces/addStudents.xhtml HTTP/1.1" 200 1414
0:0:0:0:0:0:0:1 - - [10/Dec/2018:09:54:38 +0000] "POST /Students_Information/faces/addStudents.xhtml HTTP/1.1" 200 6040
0:0:0:0:0:0:0:1 - - [10/Dec/2018:09:54:42 +0000] "POST /Students_Information/faces/students.xhtml HTTP/1.1" 200 1415
0:0:0:0:0:0:0:1 - - [10/Dec/2018:09:54:50 +0000] "POST /Students_Information/faces/addStudents.xhtml HTTP/1.1" 200 6515
127.0.0.1 - - [10/Dec/2018:10:02:32 +0000] "GET / HTTP/1.1" 404 1074
0:0:0:0:0:0:0:1 - - [10/Dec/2018:10:02:36 +0000] "GET /Students_Information/faces/students.xhtml HTTP/1.1" 200 6514
0:0:0:0:0:0:0:1 - - [10/Dec/2018:10:02:40 +0000] "POST /Students_Information/faces/students.xhtml HTTP/1.1" 500 6354
127.0.0.1 - - [10/Dec/2018:10:03:42 +0000] "GET / HTTP/1.1" 404 1074
0:0:0:0:0:0:0:1 - - [10/Dec/2018:10:03:46 +0000] "GET /Students_Information/faces/students.xhtml HTTP/1.1" 200 6515
0:0:0:0:0:0:0:1 - - [10/Dec/2018:10:03:48 +0000] "POST /Students_Information/faces/students.xhtml HTTP/1.1" 500 2865
127.0.0.1 - - [10/Dec/2018:10:04:48 +0000] "GET / HTTP/1.1" 404 1074
0:0:0:0:0:0:0:1 - - [10/Dec/2018:10:04:52 +0000] "GET /Students_Information/faces/students.xhtml HTTP/1.1" 200 6514
0:0:0:0:0:0:0:1 - - [10/Dec/2018:10:04:55 +0000] "POST /Students_Information/faces/students.xhtml HTTP/1.1" 500 4364
127.0.0.1 - - [10/Dec/2018:10:07:14 +0000] "GET / HTTP/1.1" 404 1074
0:0:0:0:0:0:0:1 - - [10/Dec/2018:10:07:16 +0000] "GET /Students_Information/faces/allStudentDetails.xhtml HTTP/1.1" 500 2948
127.0.0.1 - - [10/Dec/2018:10:08:25 +0000] "GET / HTTP/1.1" 404 1074
0:0:0:0:0:0:0:1 - - [10/Dec/2018:10:08:28 +0000] "GET /Students_Information/faces/allStudentDetails.xhtml HTTP/1.1" 500 2948
127.0.0.1 - - [10/Dec/2018:10:09:42 +0000] "GET / HTTP/1.1" 404 1074
0:0:0:0:0:0:0:1 - - [10/Dec/2018:10:09:44 +0000] "GET /Students_Information/faces/allStudentDetails.xhtml HTTP/1.1" 500 2948
127.0.0.1 - - [10/Dec/2018:10:11:12 +0000] "GET / HTTP/1.1" 404 1074
0:0:0:0:0:0:0:1 - - [10/Dec/2018:10:11:13 +0000] "GET /Students_Information/faces/allStudentDetails.xhtml HTTP/1.1" 200 244
0:0:0:0:0:0:0:1 - - [10/Dec/2018:10:11:56 +0000] "GET /Students_Information/faces/allStudentDetails.xhtml HTTP/1.1" 500 2948
127.0.0.1 - - [10/Dec/2018:10:13:11 +0000] "GET / HTTP/1.1" 404 1074
0:0:0:0:0:0:0:1 - - [10/Dec/2018:10:13:13 +0000] "GET /Students_Information/faces/allStudentDetails.xhtml HTTP/1.1" 500 2948
127.0.0.1 - - [10/Dec/2018:10:15:58 +0000] "GET / HTTP/1.1" 404 1074
0:0:0:0:0:0:0:1 - - [10/Dec/2018:10:16:02 +0000] "GET /Students_Information/faces/students.xhtml HTTP/1.1" 200 6514
0:0:0:0:0:0:0:1 - - [10/Dec/2018:10:16:06 +0000] "POST /Students_Information/faces/students.xhtml HTTP/1.1" 500 2942
127.0.0.1 - - [10/Dec/2018:10:16:43 +0000] "GET / HTTP/1.1" 404 1074
0:0:0:0:0:0:0:1 - - [10/Dec/2018:10:16:45 +0000] "GET /Students_Information/faces/allStudentDetails.xhtml HTTP/1.1" 200 1210
127.0.0.1 - - [10/Dec/2018:10:44:32 +0000] "GET / HTTP/1.1" 404 1074
0:0:0:0:0:0:0:1 - - [10/Dec/2018:10:44:36 +0000] "GET /Students_Information/faces/allStudentDetails.xhtml HTTP/1.1" 500 2940
127.0.0.1 - - [10/Dec/2018:10:45:18 +0000] "GET / HTTP/1.1" 404 1074
0:0:0:0:0:0:0:1 - - [10/Dec/2018:10:45:22 +0000] "GET /Students_Information/faces/students.xhtml HTTP/1.1" 200 6514
0:0:0:0:0:0:0:1 - - [10/Dec/2018:10:45:25 +0000] "POST /Students_Information/faces/students.xhtml HTTP/1.1" 200 1343
0:0:0:0:0:0:0:1 - - [10/Dec/2018:10:45:29 +0000] "GET /Students_Information/faces/students.xhtml HTTP/1.1" 200 6515
0:0:0:0:0:0:0:1 - - [10/Dec/2018:10:45:30 +0000] "POST /Students_Information/faces/students.xhtml HTTP/1.1" 200 1346
0:0:0:0:0:0:0:1 - - [10/Dec/2018:10:45:32 +0000] "GET /Students_Information/faces/students.xhtml HTTP/1.1" 200 6514
0:0:0:0:0:0:0:1 - - [10/Dec/2018:10:45:35 +0000] "POST /Students_Information/faces/students.xhtml HTTP/1.1" 200 1345
0:0:0:0:0:0:0:1 - - [10/Dec/2018:10:45:40 +0000] "GET /Students_Information/faces/students.xhtml HTTP/1.1" 200 6513
0:0:0:0:0:0:0:1 - - [10/Dec/2018:10:45:42 +0000] "POST /Students_Information/faces/students.xhtml HTTP/1.1" 200 1342
0:0:0:0:0:0:0:1 - - [10/Dec/2018:10:45:45 +0000] "GET /Students_Information/faces/students.xhtml HTTP/1.1" 200 6515
0:0:0:0:0:0:0:1 - - [10/Dec/2018:10:45:46 +0000] "POST /Students_Information/faces/students.xhtml HTTP/1.1" 200 1338
0:0:0:0:0:0:0:1 - - [10/Dec/2018:10:45:48 +0000] "GET /Students_Information/faces/students.xhtml HTTP/1.1" 200 6513
0:0:0:0:0:0:0:1 - - [10/Dec/2018:10:45:49 +0000] "POST /Students_Information/faces/students.xhtml HTTP/1.1" 200 1343
127.0.0.1 - - [10/Dec/2018:10:55:07 +0000] "GET / HTTP/1.1" 404 1074
0:0:0:0:0:0:0:1 - - [10/Dec/2018:10:55:11 +0000] "GET /Students_Information/faces/students.xhtml HTTP/1.1" 200 6514
0:0:0:0:0:0:0:1 - - [10/Dec/2018:10:55:15 +0000] "POST /Students_Information/faces/students.xhtml HTTP/1.1" 200 6026
0:0:0:0:0:0:0:1 - - [10/Dec/2018:10:55:16 +0000] "POST /Students_Information/faces/students.xhtml HTTP/1.1" 200 5552
0:0:0:0:0:0:0:1 - - [10/Dec/2018:10:55:17 +0000] "POST /Students_Information/faces/students.xhtml HTTP/1.1" 200 5076
0:0:0:0:0:0:0:1 - - [10/Dec/2018:10:55:21 +0000] "POST /Students_Information/faces/students.xhtml HTTP/1.1" 200 4591
0:0:0:0:0:0:0:1 - - [10/Dec/2018:10:55:32 +0000] "POST /Students_Information/faces/students.xhtml HTTP/1.1" 200 4118
127.0.0.1 - - [10/Dec/2018:11:07:59 +0000] "GET / HTTP/1.1" 404 1074
0:0:0:0:0:0:0:1 - - [10/Dec/2018:11:08:01 +0000] "GET /Students_Information/faces/addStudents.xhtml HTTP/1.1" 200 1414
0:0:0:0:0:0:0:1 - - [10/Dec/2018:11:08:25 +0000] "POST /Students_Information/faces/addStudents.xhtml HTTP/1.1" 200 4608
127.0.0.1 - - [10/Dec/2018:11:14:39 +0000] "GET / HTTP/1.1" 404 1074
0:0:0:0:0:0:0:1 - - [10/Dec/2018:11:14:40 +0000] "GET /Students_Information/faces/addStudents.xhtml HTTP/1.1" 200 1414
0:0:0:0:0:0:0:1 - - [10/Dec/2018:11:14:54 +0000] "POST /Students_Information/faces/addStudents.xhtml HTTP/1.1" 200 5088
0:0:0:0:0:0:0:1 - - [10/Dec/2018:11:15:09 +0000] "POST /Students_Information/faces/students.xhtml HTTP/1.1" 200 4599
127.0.0.1 - - [10/Dec/2018:11:21:10 +0000] "GET / HTTP/1.1" 404 1074
0:0:0:0:0:0:0:1 - - [10/Dec/2018:11:21:13 +0000] "GET /Students_Information/faces/students.xhtml HTTP/1.1" 200 5088
0:0:0:0:0:0:0:1 - - [10/Dec/2018:11:21:31 +0000] "POST /Students_Information/faces/students.xhtml HTTP/1.1" 200 4599
0:0:0:0:0:0:0:1 - - [10/Dec/2018:11:22:16 +0000] "POST /Students_Information/faces/students.xhtml HTTP/1.1" 200 4120
127.0.0.1 - - [10/Dec/2018:11:24:17 +0000] "GET / HTTP/1.1" 404 1074
0:0:0:0:0:0:0:1 - - [10/Dec/2018:11:24:21 +0000] "GET /Students_Information/faces/students.xhtml HTTP/1.1" 200 4120
0:0:0:0:0:0:0:1 - - [10/Dec/2018:11:24:24 +0000] "POST /Students_Information/faces/students.xhtml HTTP/1.1" 200 1413
0:0:0:0:0:0:0:1 - - [10/Dec/2018:11:24:33 +0000] "POST /Students_Information/faces/addStudents.xhtml HTTP/1.1" 200 4589
0:0:0:0:0:0:0:1 - - [10/Dec/2018:11:24:36 +0000] "POST /Students_Information/faces/students.xhtml HTTP/1.1" 200 4590
0:0:0:0:0:0:0:1 - - [10/Dec/2018:11:24:37 +0000] "POST /Students_Information/faces/students.xhtml HTTP/1.1" 200 4589
0:0:0:0:0:0:0:1 - - [10/Dec/2018:11:24:37 +0000] "POST /Students_Information/faces/students.xhtml HTTP/1.1" 200 4589
0:0:0:0:0:0:0:1 - - [10/Dec/2018:11:24:51 +0000] "POST /Students_Information/faces/students.xhtml HTTP/1.1" 200 4589
127.0.0.1 - - [10/Dec/2018:11:38:59 +0000] "GET / HTTP/1.1" 404 1074
0:0:0:0:0:0:0:1 - - [10/Dec/2018:11:39:03 +0000] "GET /Students_Information/faces/students.xhtml HTTP/1.1" 200 4590
0:0:0:0:0:0:0:1 - - [10/Dec/2018:11:39:09 +0000] "POST /Students_Information/faces/students.xhtml HTTP/1.1" 200 4591
0:0:0:0:0:0:0:1 - - [10/Dec/2018:11:39:11 +0000] "POST /Students_Information/faces/students.xhtml HTTP/1.1" 200 4590
0:0:0:0:0:0:0:1 - - [10/Dec/2018:11:39:18 +0000] "POST /Students_Information/faces/students.xhtml HTTP/1.1" 200 4590
0:0:0:0:0:0:0:1 - - [10/Dec/2018:11:39:21 +0000] "POST /Students_Information/faces/students.xhtml HTTP/1.1" 200 4590
127.0.0.1 - - [10/Dec/2018:11:42:09 +0000] "GET / HTTP/1.1" 404 1074
0:0:0:0:0:0:0:1 - - [10/Dec/2018:11:42:13 +0000] "GET /Students_Information/faces/students.xhtml HTTP/1.1" 200 4119
0:0:0:0:0:0:0:1 - - [10/Dec/2018:11:42:16 +0000] "POST /Students_Information/faces/students.xhtml HTTP/1.1" 200 1414
0:0:0:0:0:0:0:1 - - [10/Dec/2018:11:42:32 +0000] "POST /Students_Information/faces/addStudents.xhtml HTTP/1.1" 200 4604
0:0:0:0:0:0:0:1 - - [10/Dec/2018:11:42:51 +0000] "POST /Students_Information/faces/students.xhtml HTTP/1.1" 200 4605
0:0:0:0:0:0:0:1 - - [10/Dec/2018:11:44:25 +0000] "POST /Students_Information/faces/students.xhtml HTTP/1.1" 200 4604
0:0:0:0:0:0:0:1 - - [10/Dec/2018:11:45:05 +0000] "POST /Students_Information/faces/students.xhtml HTTP/1.1" 200 4604
127.0.0.1 - - [10/Dec/2018:11:47:31 +0000] "GET / HTTP/1.1" 404 1074
0:0:0:0:0:0:0:1 - - [10/Dec/2018:11:47:35 +0000] "GET /Students_Information/faces/students.xhtml HTTP/1.1" 200 4604
0:0:0:0:0:0:0:1 - - [10/Dec/2018:11:47:37 +0000] "POST /Students_Information/faces/students.xhtml HTTP/1.1" 200 4724
127.0.0.1 - - [10/Dec/2018:11:49:04 +0000] "GET / HTTP/1.1" 404 1074
0:0:0:0:0:0:0:1 - - [10/Dec/2018:11:49:08 +0000] "GET /Students_Information/faces/students.xhtml HTTP/1.1" 200 4604
0:0:0:0:0:0:0:1 - - [10/Dec/2018:11:49:11 +0000] "POST /Students_Information/faces/students.xhtml HTTP/1.1" 200 4236
0:0:0:0:0:0:0:1 - - [10/Dec/2018:11:49:56 +0000] "POST /Students_Information/faces/students.xhtml HTTP/1.1" 200 4606
127.0.0.1 - - [10/Dec/2018:11:54:06 +0000] "GET / HTTP/1.1" 404 1074
0:0:0:0:0:0:0:1 - - [10/Dec/2018:11:54:10 +0000] "GET /Students_Information/faces/students.xhtml HTTP/1.1" 200 4607
0:0:0:0:0:0:0:1 - - [10/Dec/2018:11:54:14 +0000] "POST /Students_Information/faces/students.xhtml HTTP/1.1" 200 4728
0:0:0:0:0:0:0:1 - - [10/Dec/2018:11:54:22 +0000] "GET /Students_Information/faces/mainPage.xhtml HTTP/1.1" 200 226
0:0:0:0:0:0:0:1 - - [10/Dec/2018:11:54:24 +0000] "GET /Students_Information/faces/students.xhtml HTTP/1.1" 200 4608
0:0:0:0:0:0:0:1 - - [10/Dec/2018:11:54:31 +0000] "POST /Students_Information/faces/students.xhtml HTTP/1.1" 200 4728
127.0.0.1 - - [10/Dec/2018:11:55:36 +0000] "GET / HTTP/1.1" 404 1074
0:0:0:0:0:0:0:1 - - [10/Dec/2018:11:55:40 +0000] "GET /Students_Information/faces/students.xhtml HTTP/1.1" 200 4609
0:0:0:0:0:0:0:1 - - [10/Dec/2018:11:55:42 +0000] "POST /Students_Information/faces/students.xhtml HTTP/1.1" 200 1415
0:0:0:0:0:0:0:1 - - [10/Dec/2018:11:55:51 +0000] "POST /Students_Information/faces/addStudents.xhtml HTTP/1.1" 200 5088
0:0:0:0:0:0:0:1 - - [10/Dec/2018:11:55:55 +0000] "POST /Students_Information/faces/students.xhtml HTTP/1.1" 200 4609
0:0:0:0:0:0:0:1 - - [10/Dec/2018:11:56:13 +0000] "POST /Students_Information/faces/students.xhtml HTTP/1.1" 200 1414
0:0:0:0:0:0:0:1 - - [10/Dec/2018:11:56:18 +0000] "POST /Students_Information/faces/addStudents.xhtml HTTP/1.1" 200 1613
0:0:0:0:0:0:0:1 - - [10/Dec/2018:11:56:27 +0000] "POST /Students_Information/faces/addStudents.xhtml HTTP/1.1" 200 5089
0:0:0:0:0:0:0:1 - - [10/Dec/2018:11:56:43 +0000] "POST /Students_Information/faces/students.xhtml HTTP/1.1" 200 4609
0:0:0:0:0:0:0:1 - - [10/Dec/2018:11:56:56 +0000] "POST /Students_Information/faces/students.xhtml HTTP/1.1" 200 4728
127.0.0.1 - - [10/Dec/2018:11:59:08 +0000] "GET / HTTP/1.1" 404 1074
0:0:0:0:0:0:0:1 - - [10/Dec/2018:11:59:13 +0000] "GET /Students_Information/faces/students.xhtml HTTP/1.1" 200 1376
127.0.0.1 - - [10/Dec/2018:12:00:19 +0000] "GET / HTTP/1.1" 404 1074
0:0:0:0:0:0:0:1 - - [10/Dec/2018:12:00:25 +0000] "GET /Students_Information/faces/students.xhtml HTTP/1.1" 200 1377
127.0.0.1 - - [10/Dec/2018:12:05:23 +0000] "GET / HTTP/1.1" 404 1074
0:0:0:0:0:0:0:1 - - [10/Dec/2018:12:05:29 +0000] "GET /Students_Information/faces/students.xhtml HTTP/1.1" 200 1376
127.0.0.1 - - [10/Dec/2018:12:06:35 +0000] "GET / HTTP/1.1" 404 1074
0:0:0:0:0:0:0:1 - - [10/Dec/2018:12:06:40 +0000] "GET /Students_Information/faces/students.xhtml HTTP/1.1" 200 1374
127.0.0.1 - - [10/Dec/2018:12:10:17 +0000] "GET / HTTP/1.1" 404 1074
0:0:0:0:0:0:0:1 - - [10/Dec/2018:12:10:23 +0000] "GET /Students_Information/faces/students.xhtml HTTP/1.1" 200 1375
127.0.0.1 - - [10/Dec/2018:12:11:40 +0000] "GET / HTTP/1.1" 404 1074
0:0:0:0:0:0:0:1 - - [10/Dec/2018:12:11:45 +0000] "GET /Students_Information/faces/students.xhtml HTTP/1.1" 200 1209
127.0.0.1 - - [10/Dec/2018:12:14:40 +0000] "GET / HTTP/1.1" 404 1074
0:0:0:0:0:0:0:1 - - [10/Dec/2018:12:14:46 +0000] "GET /Students_Information/faces/students.xhtml HTTP/1.1" 500 8871
127.0.0.1 - - [10/Dec/2018:12:20:15 +0000] "GET / HTTP/1.1" 404 1074
0:0:0:0:0:0:0:1 - - [10/Dec/2018:12:20:21 +0000] "GET /Students_Information/faces/students.xhtml HTTP/1.1" 500 8871
127.0.0.1 - - [10/Dec/2018:12:21:16 +0000] "GET / HTTP/1.1" 404 1074
0:0:0:0:0:0:0:1 - - [10/Dec/2018:12:21:22 +0000] "GET /Students_Information/faces/students.xhtml HTTP/1.1" 500 8871
127.0.0.1 - - [10/Dec/2018:12:23:59 +0000] "GET / HTTP/1.1" 404 1074
0:0:0:0:0:0:0:1 - - [10/Dec/2018:12:24:05 +0000] "GET /Students_Information/faces/students.xhtml HTTP/1.1" 500 8871
127.0.0.1 - - [10/Dec/2018:12:28:25 +0000] "GET / HTTP/1.1" 404 1074
0:0:0:0:0:0:0:1 - - [10/Dec/2018:12:28:28 +0000] "GET /Students_Information/faces/students.xhtml HTTP/1.1" 200 4608
0:0:0:0:0:0:0:1 - - [10/Dec/2018:12:28:33 +0000] "POST /Students_Information/faces/students.xhtml HTTP/1.1" 200 1414
0:0:0:0:0:0:0:1 - - [10/Dec/2018:12:28:45 +0000] "POST /Students_Information/faces/addStudents.xhtml HTTP/1.1" 200 1538
0:0:0:0:0:0:0:1 - - [10/Dec/2018:12:29:07 +0000] "POST /Students_Information/faces/addStudents.xhtml HTTP/1.1" 200 1551
0:0:0:0:0:0:0:1 - - [10/Dec/2018:12:29:18 +0000] "GET /Students_Information/faces/students.xhtml HTTP/1.1" 200 5076
127.0.0.1 - - [10/Dec/2018:12:32:20 +0000] "GET / HTTP/1.1" 404 1074
0:0:0:0:0:0:0:1 - - [10/Dec/2018:12:32:22 +0000] "GET /Students_Information/faces/students.xhtml HTTP/1.1" 200 5078
0:0:0:0:0:0:0:1 - - [10/Dec/2018:12:32:28 +0000] "POST /Students_Information/faces/students.xhtml HTTP/1.1" 200 5258
127.0.0.1 - - [10/Dec/2018:12:36:03 +0000] "GET / HTTP/1.1" 404 1074
0:0:0:0:0:0:0:1 - - [10/Dec/2018:12:36:06 +0000] "GET /Students_Information/faces/students.xhtml HTTP/1.1" 200 5077
0:0:0:0:0:0:0:1 - - [10/Dec/2018:12:36:16 +0000] "POST /Students_Information/faces/students.xhtml HTTP/1.1" 200 5196
0:0:0:0:0:0:0:1 - - [10/Dec/2018:12:36:25 +0000] "POST /Students_Information/faces/students.xhtml HTTP/1.1" 200 1414
0:0:0:0:0:0:0:1 - - [10/Dec/2018:12:36:36 +0000] "POST /Students_Information/faces/addStudents.xhtml HTTP/1.1" 200 5683
127.0.0.1 - - [10/Dec/2018:12:40:52 +0000] "GET / HTTP/1.1" 404 1074
0:0:0:0:0:0:0:1 - - [10/Dec/2018:12:40:55 +0000] "GET /Students_Information/faces/students.xhtml HTTP/1.1" 200 5555
0:0:0:0:0:0:0:1 - - [10/Dec/2018:12:41:03 +0000] "POST /Students_Information/faces/students.xhtml HTTP/1.1" 200 5086
0:0:0:0:0:0:0:1 - - [10/Dec/2018:12:41:06 +0000] "POST /Students_Information/faces/students.xhtml HTTP/1.1" 200 4607
127.0.0.1 - - [10/Dec/2018:12:47:26 +0000] "GET / HTTP/1.1" 404 1074
0:0:0:0:0:0:0:1 - - [10/Dec/2018:12:47:28 +0000] "GET /Students_Information/faces/mainPage.xhtml HTTP/1.1" 200 226
0:0:0:0:0:0:0:1 - - [10/Dec/2018:12:47:32 +0000] "GET /Students_Information/faces/courses.xhtml HTTP/1.1" 200 5382
0:0:0:0:0:0:0:1 - - [10/Dec/2018:12:47:34 +0000] "GET /Students_Information/faces/mainPage.xhtml HTTP/1.1" 200 226
0:0:0:0:0:0:0:1 - - [10/Dec/2018:12:47:36 +0000] "GET /Students_Information/faces/students.xhtml HTTP/1.1" 200 4608
0:0:0:0:0:0:0:1 - - [10/Dec/2018:12:47:38 +0000] "GET /Students_Information/faces/mainPage.xhtml HTTP/1.1" 200 226
0:0:0:0:0:0:0:1 - - [10/Dec/2018:12:47:40 +0000] "GET /Students_Information/faces/courses.xhtml HTTP/1.1" 200 5382
0:0:0:0:0:0:0:1 - - [10/Dec/2018:12:47:43 +0000] "POST /Students_Information/faces/courses.xhtml HTTP/1.1" 200 1211
0:0:0:0:0:0:0:1 - - [10/Dec/2018:12:47:45 +0000] "GET /Students_Information/faces/courses.xhtml HTTP/1.1" 200 5383
0:0:0:0:0:0:0:1 - - [10/Dec/2018:12:47:47 +0000] "POST /Students_Information/faces/courses.xhtml HTTP/1.1" 200 1211
0:0:0:0:0:0:0:1 - - [10/Dec/2018:12:47:48 +0000] "GET /Students_Information/faces/courses.xhtml HTTP/1.1" 200 5383
0:0:0:0:0:0:0:1 - - [10/Dec/2018:12:47:49 +0000] "POST /Students_Information/faces/courses.xhtml HTTP/1.1" 200 1534
0:0:0:0:0:0:0:1 - - [10/Dec/2018:12:47:51 +0000] "GET /Students_Information/faces/courses.xhtml HTTP/1.1" 200 5382
0:0:0:0:0:0:0:1 - - [10/Dec/2018:12:47:53 +0000] "POST /Students_Information/faces/courses.xhtml HTTP/1.1" 200 1209
0:0:0:0:0:0:0:1 - - [10/Dec/2018:12:47:55 +0000] "GET /Students_Information/faces/courses.xhtml HTTP/1.1" 200 5383
0:0:0:0:0:0:0:1 - - [10/Dec/2018:12:47:56 +0000] "POST /Students_Information/faces/courses.xhtml HTTP/1.1" 200 1900
0:0:0:0:0:0:0:1 - - [10/Dec/2018:12:48:01 +0000] "GET /Students_Information/faces/courses.xhtml HTTP/1.1" 200 5384
0:0:0:0:0:0:0:1 - - [10/Dec/2018:12:48:03 +0000] "POST /Students_Information/faces/courses.xhtml HTTP/1.1" 200 1211
0:0:0:0:0:0:0:1 - - [10/Dec/2018:12:48:04 +0000] "GET /Students_Information/faces/courses.xhtml HTTP/1.1" 200 5382
0:0:0:0:0:0:0:1 - - [10/Dec/2018:12:48:05 +0000] "POST /Students_Information/faces/courses.xhtml HTTP/1.1" 200 1210
0:0:0:0:0:0:0:1 - - [10/Dec/2018:12:48:07 +0000] "GET /Students_Information/faces/courses.xhtml HTTP/1.1" 200 5384
0:0:0:0:0:0:0:1 - - [10/Dec/2018:12:48:15 +0000] "POST /Students_Information/faces/courses.xhtml HTTP/1.1" 200 1249
0:0:0:0:0:0:0:1 - - [10/Dec/2018:12:48:23 +0000] "GET /Students_Information/faces/courses.xhtml HTTP/1.1" 200 5382
0:0:0:0:0:0:0:1 - - [10/Dec/2018:12:48:26 +0000] "GET /Students_Information/faces/mainPage.xhtml HTTP/1.1" 200 226
0:0:0:0:0:0:0:1 - - [10/Dec/2018:12:48:28 +0000] "GET /Students_Information/faces/students.xhtml HTTP/1.1" 200 4609
0:0:0:0:0:0:0:1 - - [10/Dec/2018:12:48:36 +0000] "POST /Students_Information/faces/students.xhtml HTTP/1.1" 200 1349
0:0:0:0:0:0:0:1 - - [10/Dec/2018:12:48:38 +0000] "GET /Students_Information/faces/students.xhtml HTTP/1.1" 200 4607
0:0:0:0:0:0:0:1 - - [10/Dec/2018:12:48:40 +0000] "POST /Students_Information/faces/students.xhtml HTTP/1.1" 200 1344
0:0:0:0:0:0:0:1 - - [10/Dec/2018:12:48:44 +0000] "GET /Students_Information/faces/students.xhtml HTTP/1.1" 200 4608
0:0:0:0:0:0:0:1 - - [10/Dec/2018:12:48:46 +0000] "POST /Students_Information/faces/students.xhtml HTTP/1.1" 200 1343
0:0:0:0:0:0:0:1 - - [10/Dec/2018:12:48:48 +0000] "GET /Students_Information/faces/students.xhtml HTTP/1.1" 200 4607
0:0:0:0:0:0:0:1 - - [10/Dec/2018:12:48:53 +0000] "POST /Students_Information/faces/students.xhtml HTTP/1.1" 200 1413
0:0:0:0:0:0:0:1 - - [10/Dec/2018:12:49:10 +0000] "GET /Students_Information/faces/students.xhtml HTTP/1.1" 200 4607
0:0:0:0:0:0:0:1 - - [10/Dec/2018:12:49:12 +0000] "GET /Students_Information/faces/mainPage.xhtml HTTP/1.1" 200 226
127.0.0.1 - - [10/Dec/2018:15:43:48 +0000] "GET / HTTP/1.1" 404 1074
0:0:0:0:0:0:0:1 - - [10/Dec/2018:15:43:50 +0000] "GET /Students_Information/faces/mainPage.xhtml HTTP/1.1" 200 314
0:0:0:0:0:0:0:1 - - [10/Dec/2018:15:43:50 +0000] "GET /favicon.ico HTTP/1.1" 404 1085
0:0:0:0:0:0:0:1 - - [10/Dec/2018:15:43:56 +0000] "GET /Students_Information/faces/courses.xhtml;jsessionid=FDB525481CD88CE28C673B61639F42C9 HTTP/1.1" 500 2924
0:0:0:0:0:0:0:1 - - [10/Dec/2018:15:44:02 +0000] "GET /Students_Information/faces/students.xhtml;jsessionid=FDB525481CD88CE28C673B61639F42C9 HTTP/1.1" 500 2930
127.0.0.1 - - [10/Dec/2018:15:47:08 +0000] "GET / HTTP/1.1" 404 1074
0:0:0:0:0:0:0:1 - - [10/Dec/2018:15:47:09 +0000] "GET /Students_Information/faces/mainPage.xhtml HTTP/1.1" 200 226
0:0:0:0:0:0:0:1 - - [10/Dec/2018:15:47:14 +0000] "GET /Students_Information/faces/courses.xhtml HTTP/1.1" 500 2924
127.0.0.1 - - [10/Dec/2018:15:49:15 +0000] "GET / HTTP/1.1" 404 1074
0:0:0:0:0:0:0:1 - - [10/Dec/2018:15:49:16 +0000] "GET /Students_Information/faces/mainPage.xhtml HTTP/1.1" 200 226
0:0:0:0:0:0:0:1 - - [10/Dec/2018:15:49:18 +0000] "GET /Students_Information/faces/courses.xhtml HTTP/1.1" 200 5383
0:0:0:0:0:0:0:1 - - [10/Dec/2018:15:49:22 +0000] "GET /Students_Information/faces/mainPage.xhtml HTTP/1.1" 200 226
0:0:0:0:0:0:0:1 - - [10/Dec/2018:15:49:23 +0000] "GET /Students_Information/faces/students.xhtml HTTP/1.1" 200 4607
0:0:0:0:0:0:0:1 - - [10/Dec/2018:15:49:26 +0000] "GET /Students_Information/faces/mainPage.xhtml HTTP/1.1" 200 226
127.0.0.1 - - [10/Dec/2018:15:50:04 +0000] "GET / HTTP/1.1" 404 1074
0:0:0:0:0:0:0:1 - - [10/Dec/2018:15:50:05 +0000] "GET /Students_Information/faces/mainPage.xhtml HTTP/1.1" 200 226
0:0:0:0:0:0:0:1 - - [10/Dec/2018:15:50:10 +0000] "GET /Students_Information/faces/courses.xhtml HTTP/1.1" 500 2924
127.0.0.1 - - [10/Dec/2018:15:50:45 +0000] "GET / HTTP/1.1" 404 1074
0:0:0:0:0:0:0:1 - - [10/Dec/2018:15:50:50 +0000] "GET /Students_Information/faces/courses.xhtml HTTP/1.1" 500 2924
127.0.0.1 - - [10/Dec/2018:15:51:33 +0000] "GET / HTTP/1.1" 404 1074
0:0:0:0:0:0:0:1 - - [10/Dec/2018:15:51:37 +0000] "GET /Students_Information/faces/students.xhtml HTTP/1.1" 500 2930
127.0.0.1 - - [10/Dec/2018:15:54:00 +0000] "GET / HTTP/1.1" 404 1074
0:0:0:0:0:0:0:1 - - [10/Dec/2018:15:54:04 +0000] "GET /Students_Information/faces/courses.xhtml HTTP/1.1" 500 2924
127.0.0.1 - - [10/Dec/2018:15:56:30 +0000] "GET / HTTP/1.1" 404 1074
0:0:0:0:0:0:0:1 - - [10/Dec/2018:15:56:34 +0000] "GET /Students_Information/faces/courses.xhtml HTTP/1.1" 500 2924
127.0.0.1 - - [10/Dec/2018:15:59:01 +0000] "GET / HTTP/1.1" 404 1074
0:0:0:0:0:0:0:1 - - [10/Dec/2018:15:59:05 +0000] "GET /Students_Information/faces/courses.xhtml HTTP/1.1" 200 1149
127.0.0.1 - - [10/Dec/2018:16:05:09 +0000] "GET / HTTP/1.1" 404 1074
0:0:0:0:0:0:0:1 - - [10/Dec/2018:16:05:13 +0000] "GET /Students_Information/faces/allStudentDetails.xhtml HTTP/1.1" 200 1471
0:0:0:0:0:0:0:1 - - [10/Dec/2018:16:06:04 +0000] "GET /Students_Information/faces/allStudentDetails.xhtml HTTP/1.1" 200 1471
127.0.0.1 - - [10/Dec/2018:16:06:39 +0000] "GET / HTTP/1.1" 404 1074
0:0:0:0:0:0:0:1 - - [10/Dec/2018:16:06:43 +0000] "GET /Students_Information/faces/allStudentDetails.xhtml HTTP/1.1" 200 1304
127.0.0.1 - - [10/Dec/2018:16:08:28 +0000] "GET / HTTP/1.1" 404 1074
0:0:0:0:0:0:0:1 - - [10/Dec/2018:16:08:32 +0000] "GET /Students_Information/faces/courseStudent.xhtml HTTP/1.1" 200 1303
127.0.0.1 - - [10/Dec/2018:16:12:14 +0000] "GET / HTTP/1.1" 404 1074
0:0:0:0:0:0:0:1 - - [10/Dec/2018:16:12:16 +0000] "GET /Students_Information/faces/courseStudent.xhtml HTTP/1.1" 500 2942
127.0.0.1 - - [10/Dec/2018:16:16:33 +0000] "GET / HTTP/1.1" 404 1074
0:0:0:0:0:0:0:1 - - [10/Dec/2018:16:16:35 +0000] "GET /Students_Information/faces/courseStudent.xhtml HTTP/1.1" 200 1211
127.0.0.1 - - [10/Dec/2018:16:18:57 +0000] "GET / HTTP/1.1" 404 1074
0:0:0:0:0:0:0:1 - - [10/Dec/2018:16:18:59 +0000] "GET /Students_Information/faces/courseStudent.xhtml HTTP/1.1" 200 1293
0:0:0:0:0:0:0:1 - - [10/Dec/2018:16:19:07 +0000] "GET /Students_Information/faces/courses.xhtml HTTP/1.1" 200 5384
0:0:0:0:0:0:0:1 - - [10/Dec/2018:16:19:11 +0000] "POST /Students_Information/faces/courses.xhtml HTTP/1.1" 200 1900
127.0.0.1 - - [10/Dec/2018:16:20:54 +0000] "GET / HTTP/1.1" 404 1074
0:0:0:0:0:0:0:1 - - [10/Dec/2018:16:20:55 +0000] "GET /Students_Information/faces/courseStudent.xhtml HTTP/1.1" 200 1311
127.0.0.1 - - [10/Dec/2018:18:24:42 +0000] "GET / HTTP/1.1" 404 1074
0:0:0:0:0:0:0:1 - - [10/Dec/2018:18:24:57 +0000] "GET /Students_Information/faces/mainPage.xhtml HTTP/1.1" 200 338
0:0:0:0:0:0:0:1 - - [10/Dec/2018:18:24:57 +0000] "GET /favicon.ico HTTP/1.1" 404 1085
0:0:0:0:0:0:0:1 - - [10/Dec/2018:18:25:08 +0000] "GET /Students_Information/faces/courses.xhtml;jsessionid=AE3D5C6E19B7DD68F1A06220E915314A HTTP/1.1" 200 5655
0:0:0:0:0:0:0:1 - - [10/Dec/2018:18:25:12 +0000] "POST /Students_Information/faces/courses.xhtml HTTP/1.1" 200 1448
0:0:0:0:0:0:0:1 - - [10/Dec/2018:18:25:15 +0000] "GET /Students_Information/faces/courses.xhtml HTTP/1.1" 200 5655
0:0:0:0:0:0:0:1 - - [10/Dec/2018:18:25:16 +0000] "POST /Students_Information/faces/courses.xhtml HTTP/1.1" 200 2136
0:0:0:0:0:0:0:1 - - [10/Dec/2018:18:25:22 +0000] "GET /Students_Information/faces/courses.xhtml HTTP/1.1" 200 5654
0:0:0:0:0:0:0:1 - - [10/Dec/2018:18:25:25 +0000] "POST /Students_Information/faces/courses.xhtml HTTP/1.1" 200 2137
0:0:0:0:0:0:0:1 - - [10/Dec/2018:18:25:32 +0000] "GET /Students_Information/faces/courses.xhtml HTTP/1.1" 200 5655
0:0:0:0:0:0:0:1 - - [10/Dec/2018:18:25:34 +0000] "GET /Students_Information/faces/mainPage.xhtml HTTP/1.1" 200 250
0:0:0:0:0:0:0:1 - - [10/Dec/2018:18:25:36 +0000] "GET /Students_Information/faces/courses.xhtml HTTP/1.1" 200 5654
0:0:0:0:0:0:0:1 - - [10/Dec/2018:18:25:38 +0000] "GET /Students_Information/faces/mainPage.xhtml HTTP/1.1" 200 250
0:0:0:0:0:0:0:1 - - [10/Dec/2018:18:25:40 +0000] "GET /Students_Information/faces/students.xhtml HTTP/1.1" 200 4880
0:0:0:0:0:0:0:1 - - [10/Dec/2018:18:25:44 +0000] "POST /Students_Information/faces/students.xhtml HTTP/1.1" 200 1584
0:0:0:0:0:0:0:1 - - [10/Dec/2018:18:25:49 +0000] "GET /Students_Information/faces/students.xhtml HTTP/1.1" 200 4878
0:0:0:0:0:0:0:1 - - [10/Dec/2018:18:25:51 +0000] "POST /Students_Information/faces/students.xhtml HTTP/1.1" 200 1582
0:0:0:0:0:0:0:1 - - [10/Dec/2018:18:25:55 +0000] "GET /Students_Information/faces/students.xhtml HTTP/1.1" 200 4880
0:0:0:0:0:0:0:1 - - [10/Dec/2018:18:25:57 +0000] "POST /Students_Information/faces/students.xhtml HTTP/1.1" 200 1584
0:0:0:0:0:0:0:1 - - [10/Dec/2018:18:25:58 +0000] "GET /Students_Information/faces/students.xhtml HTTP/1.1" 200 4877
0:0:0:0:0:0:0:1 - - [10/Dec/2018:18:26:00 +0000] "POST /Students_Information/faces/students.xhtml HTTP/1.1" 200 1580
0:0:0:0:0:0:0:1 - - [10/Dec/2018:18:26:02 +0000] "GET /Students_Information/faces/students.xhtml HTTP/1.1" 200 4878
0:0:0:0:0:0:0:1 - - [10/Dec/2018:18:26:06 +0000] "GET /Students_Information/faces/mainPage.xhtml HTTP/1.1" 200 250
0:0:0:0:0:0:0:1 - - [10/Dec/2018:18:26:11 +0000] "GET /Students_Information/faces/students.xhtml HTTP/1.1" 200 4880
0:0:0:0:0:0:0:1 - - [10/Dec/2018:18:26:12 +0000] "POST /Students_Information/faces/students.xhtml HTTP/1.1" 200 1768
0:0:0:0:0:0:0:1 - - [10/Dec/2018:18:26:28 +0000] "POST /Students_Information/faces/addStudents.xhtml HTTP/1.1" 200 5488
0:0:0:0:0:0:0:1 - - [10/Dec/2018:18:26:38 +0000] "POST /Students_Information/faces/students.xhtml HTTP/1.1" 200 5482
0:0:0:0:0:0:0:1 - - [10/Dec/2018:18:26:48 +0000] "POST /Students_Information/faces/students.xhtml HTTP/1.1" 200 5482
0:0:0:0:0:0:0:1 - - [10/Dec/2018:18:26:55 +0000] "GET /Students_Information/faces/mainPage.xhtml HTTP/1.1" 200 250
127.0.0.1 - - [10/Dec/2018:20:17:45 +0000] "GET / HTTP/1.1" 404 1074
0:0:0:0:0:0:0:1 - - [10/Dec/2018:20:17:49 +0000] "GET /Students_Information/faces/mainPage.xhtml HTTP/1.1" 200 338
0:0:0:0:0:0:0:1 - - [10/Dec/2018:20:17:49 +0000] "GET /favicon.ico HTTP/1.1" 404 1085
0:0:0:0:0:0:0:1 - - [10/Dec/2018:20:18:25 +0000] "GET /Students_Information/faces/courses.xhtml;jsessionid=685DBC6FC19856BB028228771A937946 HTTP/1.1" 200 5655
0:0:0:0:0:0:0:1 - - [10/Dec/2018:20:18:41 +0000] "GET /Students_Information/faces/courses.xhtml;jsessionid=685DBC6FC19856BB028228771A937946 HTTP/1.1" 200 5736
0:0:0:0:0:0:0:1 - - [10/Dec/2018:20:18:49 +0000] "GET /Students_Information/faces/students.xhtml;jsessionid=685DBC6FC19856BB028228771A937946 HTTP/1.1" 200 1469
0:0:0:0:0:0:0:1 - - [10/Dec/2018:20:19:27 +0000] "GET /Students_Information/faces/courses.xhtml;jsessionid=685DBC6FC19856BB028228771A937946 HTTP/1.1" 200 5655
0:0:0:0:0:0:0:1 - - [10/Dec/2018:20:19:34 +0000] "GET /Students_Information/faces/students.xhtml;jsessionid=685DBC6FC19856BB028228771A937946 HTTP/1.1" 200 5358
0:0:0:0:0:0:0:1 - - [10/Dec/2018:20:19:37 +0000] "GET /Students_Information/faces/courses.xhtml;jsessionid=685DBC6FC19856BB028228771A937946 HTTP/1.1" 200 5655
0:0:0:0:0:0:0:1 - - [10/Dec/2018:20:19:38 +0000] "POST /Students_Information/faces/courses.xhtml HTTP/1.1" 200 1448
0:0:0:0:0:0:0:1 - - [10/Dec/2018:20:19:42 +0000] "POST /Students_Information/faces/courses.xhtml HTTP/1.1" 200 5655
0:0:0:0:0:0:0:1 - - [10/Dec/2018:20:19:44 +0000] "POST /Students_Information/faces/courses.xhtml HTTP/1.1" 200 2319
0:0:0:0:0:0:0:1 - - [10/Dec/2018:20:19:51 +0000] "POST /Students_Information/faces/courses.xhtml HTTP/1.1" 200 1538
0:0:0:0:0:0:0:1 - - [10/Dec/2018:20:19:59 +0000] "POST /Students_Information/faces/addCourses.xhtml HTTP/1.1" 200 1656
0:0:0:0:0:0:0:1 - - [10/Dec/2018:20:20:02 +0000] "POST /Students_Information/faces/addCourses.xhtml HTTP/1.1" 200 1708
0:0:0:0:0:0:0:1 - - [10/Dec/2018:20:20:12 +0000] "POST /Students_Information/faces/addCourses.xhtml HTTP/1.1" 200 1682
0:0:0:0:0:0:0:1 - - [10/Dec/2018:20:20:16 +0000] "POST /Students_Information/faces/addCourses.xhtml HTTP/1.1" 200 6111
0:0:0:0:0:0:0:1 - - [10/Dec/2018:20:20:33 +0000] "POST /Students_Information/faces/courses.xhtml HTTP/1.1" 200 5654
0:0:0:0:0:0:0:1 - - [10/Dec/2018:20:20:36 +0000] "GET /Students_Information/faces/mainPage.xhtml HTTP/1.1" 200 250
0:0:0:0:0:0:0:1 - - [10/Dec/2018:20:20:38 +0000] "GET /Students_Information/faces/students.xhtml HTTP/1.1" 200 5358
0:0:0:0:0:0:0:1 - - [10/Dec/2018:20:20:40 +0000] "POST /Students_Information/faces/students.xhtml HTTP/1.1" 200 1582
0:0:0:0:0:0:0:1 - - [10/Dec/2018:20:20:51 +0000] "GET /Students_Information/faces/students.xhtml HTTP/1.1" 200 5360
0:0:0:0:0:0:0:1 - - [10/Dec/2018:20:20:53 +0000] "POST /Students_Information/faces/students.xhtml HTTP/1.1" 200 1767
0:0:0:0:0:0:0:1 - - [10/Dec/2018:20:21:10 +0000] "POST /Students_Information/faces/addStudents.xhtml HTTP/1.1" 200 1918
0:0:0:0:0:0:0:1 - - [10/Dec/2018:20:21:19 +0000] "POST /Students_Information/faces/addStudents.xhtml HTTP/1.1" 200 1913
0:0:0:0:0:0:0:1 - - [10/Dec/2018:20:21:24 +0000] "POST /Students_Information/faces/addStudents.xhtml HTTP/1.1" 200 1901
0:0:0:0:0:0:0:1 - - [10/Dec/2018:20:21:37 +0000] "POST /Students_Information/faces/addStudents.xhtml HTTP/1.1" 200 5963
0:0:0:0:0:0:0:1 - - [10/Dec/2018:20:22:04 +0000] "POST /Students_Information/faces/students.xhtml HTTP/1.1" 200 5959
0:0:0:0:0:0:0:1 - - [10/Dec/2018:20:22:33 +0000] "GET /Students_Information/faces/mainPage.xhtml HTTP/1.1" 200 250
0:0:0:0:0:0:0:1 - - [10/Dec/2018:20:23:11 +0000] "GET /Students_Information/faces/courses.xhtml HTTP/1.1" 200 5653
127.0.0.1 - - [10/Dec/2018:20:31:31 +0000] "GET / HTTP/1.1" 404 1074
0:0:0:0:0:0:0:1 - - [10/Dec/2018:20:31:33 +0000] "GET /Students_Information/faces/mainPage.xhtml HTTP/1.1" 200 381
0:0:0:0:0:0:0:1 - - [10/Dec/2018:20:31:33 +0000] "GET /Students_Information/faces/javax.faces.resource/styling.css?ln=css HTTP/1.1" 200 50
127.0.0.1 - - [10/Dec/2018:20:33:20 +0000] "GET / HTTP/1.1" 404 1074
0:0:0:0:0:0:0:1 - - [10/Dec/2018:20:33:23 +0000] "GET /Students_Information/faces/mainPage.xhtml HTTP/1.1" 200 513
0:0:0:0:0:0:0:1 - - [10/Dec/2018:20:33:23 +0000] "GET /Students_Information/faces/javax.faces.resource/styling.css;jsessionid=08CC8C37601B002B5F484467153D5AB0?ln=css HTTP/1.1" 200 50
0:0:0:0:0:0:0:1 - - [10/Dec/2018:20:33:23 +0000] "GET /favicon.ico HTTP/1.1" 404 1085
0:0:0:0:0:0:0:1 - - [10/Dec/2018:20:35:09 +0000] "GET /Students_Information/faces/mainPage.xhtml HTTP/1.1" 200 415
0:0:0:0:0:0:0:1 - - [10/Dec/2018:20:35:09 +0000] "GET /Students_Information/faces/RES_NOT_FOUND HTTP/1.1" 500 2874
0:0:0:0:0:0:0:1 - - [10/Dec/2018:20:35:10 +0000] "GET /favicon.ico HTTP/1.1" 404 1085
0:0:0:0:0:0:0:1 - - [10/Dec/2018:20:35:51 +0000] "GET /Students_Information/faces/mainPage.xhtml HTTP/1.1" 200 327
0:0:0:0:0:0:0:1 - - [10/Dec/2018:20:35:51 +0000] "GET /Students_Information/faces/RES_NOT_FOUND HTTP/1.1" 500 2082
127.0.0.1 - - [10/Dec/2018:20:38:12 +0000] "GET / HTTP/1.1" 404 1074
0:0:0:0:0:0:0:1 - - [10/Dec/2018:20:38:15 +0000] "GET /Students_Information/faces/mainPage.xhtml HTTP/1.1" 200 513
0:0:0:0:0:0:0:1 - - [10/Dec/2018:20:38:15 +0000] "GET /Students_Information/faces/javax.faces.resource/styling.css;jsessionid=B28F92C6CE794E4719FA930AF366A879?ln=css HTTP/1.1" 200 50
0:0:0:0:0:0:0:1 - - [10/Dec/2018:20:38:16 +0000] "GET /favicon.ico HTTP/1.1" 404 1085
127.0.0.1 - - [10/Dec/2018:20:43:12 +0000] "GET / HTTP/1.1" 404 1074
0:0:0:0:0:0:0:1 - - [10/Dec/2018:20:43:14 +0000] "GET /Students_Information/faces/mainPage.xhtml HTTP/1.1" 200 380
0:0:0:0:0:0:0:1 - - [10/Dec/2018:20:43:14 +0000] "GET /Students_Information/faces/javax.faces.resource/addPic.css?ln=css HTTP/1.1" 200 51
0:0:0:0:0:0:0:1 - - [10/Dec/2018:20:43:58 +0000] "GET /Students_Information/faces/mainPage.xhtml HTTP/1.1" 200 338
0:0:0:0:0:0:0:1 - - [10/Dec/2018:20:43:58 +0000] "GET /favicon.ico HTTP/1.1" 404 1085
0:0:0:0:0:0:0:1 - - [10/Dec/2018:20:44:01 +0000] "GET /Students_Information/faces/courses.xhtml;jsessionid=330D6A9631ADA888E85A5D43C1B22975 HTTP/1.1" 200 5655
0:0:0:0:0:0:0:1 - - [10/Dec/2018:20:44:03 +0000] "GET /Students_Information/faces/students.xhtml;jsessionid=330D6A9631ADA888E85A5D43C1B22975 HTTP/1.1" 200 5835
0:0:0:0:0:0:0:1 - - [10/Dec/2018:20:47:02 +0000] "GET /Students_Information/faces/mainPage.xhtml HTTP/1.1" 200 511
0:0:0:0:0:0:0:1 - - [10/Dec/2018:20:47:02 +0000] "GET /Students_Information/faces/javax.faces.resource/styles.css;jsessionid=758A986AB0D5E77D879FE023C669D4D8?ln=css HTTP/1.1" 200 49
0:0:0:0:0:0:0:1 - - [10/Dec/2018:20:47:03 +0000] "GET /favicon.ico HTTP/1.1" 404 1085
0:0:0:0:0:0:0:1 - - [10/Dec/2018:20:47:30 +0000] "GET /Students_Information/faces/mainPage.xhtml HTTP/1.1" 200 511
0:0:0:0:0:0:0:1 - - [10/Dec/2018:20:47:30 +0000] "GET /Students_Information/faces/javax.faces.resource/styles.css;jsessionid=E0A89603CD22118828E2E8404585A019?ln=css HTTP/1.1" 200 49
0:0:0:0:0:0:0:1 - - [10/Dec/2018:20:47:30 +0000] "GET /favicon.ico HTTP/1.1" 404 1085
127.0.0.1 - - [10/Dec/2018:20:48:32 +0000] "GET / HTTP/1.1" 404 1074
0:0:0:0:0:0:0:1 - - [10/Dec/2018:20:48:36 +0000] "GET /Students_Information/faces/mainPage.xhtml HTTP/1.1" 200 511
0:0:0:0:0:0:0:1 - - [10/Dec/2018:20:48:36 +0000] "GET /Students_Information/faces/javax.faces.resource/styles.css;jsessionid=71362FFE94A45F2A464F234AD91B2C52?ln=css HTTP/1.1" 200 49
0:0:0:0:0:0:0:1 - - [10/Dec/2018:20:48:36 +0000] "GET /favicon.ico HTTP/1.1" 404 1085
0:0:0:0:0:0:0:1 - - [10/Dec/2018:20:49:34 +0000] "GET /Students_Information/faces/mainPage.xhtml HTTP/1.1" 200 403
0:0:0:0:0:0:0:1 - - [10/Dec/2018:20:49:34 +0000] "GET /Students_Information/faces/javax.faces.resource/styles.css?ln=css HTTP/1.1" 200 78
0:0:0:0:0:0:0:1 - - [10/Dec/2018:20:50:34 +0000] "GET /Students_Information/faces/mainPage.xhtml HTTP/1.1" 200 403
0:0:0:0:0:0:0:1 - - [10/Dec/2018:20:50:35 +0000] "GET /Students_Information/faces/mainPage.xhtml HTTP/1.1" 200 403
127.0.0.1 - - [10/Dec/2018:20:51:13 +0000] "GET / HTTP/1.1" 404 1074
0:0:0:0:0:0:0:1 - - [10/Dec/2018:20:51:16 +0000] "GET /Students_Information/faces/mainPage.xhtml HTTP/1.1" 200 535
0:0:0:0:0:0:0:1 - - [10/Dec/2018:20:51:16 +0000] "GET /Students_Information/faces/javax.faces.resource/styles.css;jsessionid=1C0EBFA09752E0F3AEC8354BCD812E07?ln=css HTTP/1.1" 200 78
0:0:0:0:0:0:0:1 - - [10/Dec/2018:20:51:16 +0000] "GET /Students_Information/faces/javax.faces.resource/download.jpg HTTP/1.1" 200 8434
0:0:0:0:0:0:0:1 - - [10/Dec/2018:20:51:16 +0000] "GET /favicon.ico HTTP/1.1" 404 1085
0:0:0:0:0:0:0:1 - - [10/Dec/2018:20:51:45 +0000] "GET /Students_Information/faces/mainPage.xhtml HTTP/1.1" 200 403
0:0:0:0:0:0:0:1 - - [10/Dec/2018:20:51:46 +0000] "GET /Students_Information/faces/mainPage.xhtml HTTP/1.1" 200 403
0:0:0:0:0:0:0:1 - - [10/Dec/2018:20:52:00 +0000] "GET /Students_Information/faces/mainPage.xhtml HTTP/1.1" 200 403
0:0:0:0:0:0:0:1 - - [10/Dec/2018:20:52:17 +0000] "GET /Students_Information/faces/mainPage.xhtml HTTP/1.1" 200 403
0:0:0:0:0:0:0:1 - - [10/Dec/2018:20:53:16 +0000] "GET /Students_Information/faces/mainPage.xhtml HTTP/1.1" 200 397
0:0:0:0:0:0:0:1 - - [10/Dec/2018:20:53:17 +0000] "GET /Students_Information/faces/mainPage.xhtml HTTP/1.1" 200 397
127.0.0.1 - - [10/Dec/2018:20:54:19 +0000] "GET / HTTP/1.1" 404 1074
0:0:0:0:0:0:0:1 - - [10/Dec/2018:20:54:21 +0000] "GET /Students_Information/faces/mainPage.xhtml HTTP/1.1" 200 400
127.0.0.1 - - [10/Dec/2018:20:55:56 +0000] "GET / HTTP/1.1" 404 1074
0:0:0:0:0:0:0:1 - - [10/Dec/2018:20:55:59 +0000] "GET /Students_Information/faces/mainPage.xhtml HTTP/1.1" 200 535
0:0:0:0:0:0:0:1 - - [10/Dec/2018:20:55:59 +0000] "GET /Students_Information/faces/javax.faces.resource/styles.css;jsessionid=54D291D4693EFCB825A4765414014E2E?ln=css HTTP/1.1" 200 97
0:0:0:0:0:0:0:1 - - [10/Dec/2018:20:55:59 +0000] "GET /favicon.ico HTTP/1.1" 404 1085
0:0:0:0:0:0:0:1 - - [10/Dec/2018:20:57:02 +0000] "GET /Students_Information/faces/mainPage.xhtml HTTP/1.1" 200 429
127.0.0.1 - - [10/Dec/2018:20:57:50 +0000] "GET / HTTP/1.1" 404 1074
0:0:0:0:0:0:0:1 - - [10/Dec/2018:20:57:53 +0000] "GET /Students_Information/faces/mainPage.xhtml HTTP/1.1" 200 561
0:0:0:0:0:0:0:1 - - [10/Dec/2018:20:57:53 +0000] "GET /Students_Information/faces/javax.faces.resource/styles.css;jsessionid=A4381BFA42399FE75916D70543E45BF6?ln=css HTTP/1.1" 200 78
0:0:0:0:0:0:0:1 - - [10/Dec/2018:20:57:53 +0000] "GET /favicon.ico HTTP/1.1" 404 1085
0:0:0:0:0:0:0:1 - - [10/Dec/2018:20:58:39 +0000] "GET /Students_Information/faces/mainPage.xhtml HTTP/1.1" 200 456
127.0.0.1 - - [10/Dec/2018:20:59:15 +0000] "GET / HTTP/1.1" 404 1074
0:0:0:0:0:0:0:1 - - [10/Dec/2018:20:59:18 +0000] "GET /Students_Information/faces/mainPage.xhtml HTTP/1.1" 200 587
0:0:0:0:0:0:0:1 - - [10/Dec/2018:20:59:18 +0000] "GET /Students_Information/faces/javax.faces.resource/styles.css;jsessionid=955FD11352E3E4389DE77F758889140E?ln=css HTTP/1.1" 200 78
0:0:0:0:0:0:0:1 - - [10/Dec/2018:20:59:18 +0000] "GET /favicon.ico HTTP/1.1" 404 1085
127.0.0.1 - - [10/Dec/2018:21:01:34 +0000] "GET / HTTP/1.1" 404 1074
0:0:0:0:0:0:0:1 - - [10/Dec/2018:21:01:36 +0000] "GET /Students_Information/faces/mainPage.xhtml HTTP/1.1" 200 588
0:0:0:0:0:0:0:1 - - [10/Dec/2018:21:01:36 +0000] "GET /Students_Information/faces/javax.faces.resource/styles.css;jsessionid=C6707B523CA3813C93E3C79DF84FDFF4?ln=css HTTP/1.1" 200 100
0:0:0:0:0:0:0:1 - - [10/Dec/2018:21:01:36 +0000] "GET /Students_Information/faces/javax.faces.resource/download.jpg HTTP/1.1" 200 8434
0:0:0:0:0:0:0:1 - - [10/Dec/2018:21:02:14 +0000] "GET /Students_Information/faces/mainPage.xhtml HTTP/1.1" 200 481
0:0:0:0:0:0:0:1 - - [10/Dec/2018:21:02:14 +0000] "GET /Students_Information/faces/javax.faces.resource/styles.css?ln=css HTTP/1.1" 200 100
0:0:0:0:0:0:0:1 - - [10/Dec/2018:21:02:14 +0000] "GET /Students_Information/faces/javax.faces.resource/download.jpg HTTP/1.1" 304 -
0:0:0:0:0:0:0:1 - - [10/Dec/2018:21:04:15 +0000] "GET /Students_Information/faces/mainPage.xhtml HTTP/1.1" 200 481
0:0:0:0:0:0:0:1 - - [10/Dec/2018:21:04:17 +0000] "GET /Students_Information/faces/mainPage.xhtml HTTP/1.1" 200 481
0:0:0:0:0:0:0:1 - - [10/Dec/2018:21:04:18 +0000] "GET /Students_Information/faces/javax.faces.resource/styles.css?ln=css HTTP/1.1" 200 95
0:0:0:0:0:0:0:1 - - [10/Dec/2018:21:04:18 +0000] "GET /Students_Information/faces/javax.faces.resource/download.jpg HTTP/1.1" 304 -
0:0:0:0:0:0:0:1 - - [10/Dec/2018:21:04:18 +0000] "GET /Students_Information/faces/mainPage.xhtml HTTP/1.1" 200 481
0:0:0:0:0:0:0:1 - - [10/Dec/2018:21:04:18 +0000] "GET /Students_Information/faces/javax.faces.resource/styles.css?ln=css HTTP/1.1" 304 -
0:0:0:0:0:0:0:1 - - [10/Dec/2018:21:04:18 +0000] "GET /Students_Information/faces/javax.faces.resource/download.jpg HTTP/1.1" 304 -
0:0:0:0:0:0:0:1 - - [10/Dec/2018:21:04:19 +0000] "GET /Students_Information/faces/mainPage.xhtml HTTP/1.1" 200 481
0:0:0:0:0:0:0:1 - - [10/Dec/2018:21:04:19 +0000] "GET /Students_Information/faces/javax.faces.resource/styles.css?ln=css HTTP/1.1" 304 -
0:0:0:0:0:0:0:1 - - [10/Dec/2018:21:04:19 +0000] "GET /Students_Information/faces/javax.faces.resource/download.jpg HTTP/1.1" 304 -
0:0:0:0:0:0:0:1 - - [10/Dec/2018:21:04:19 +0000] "GET /Students_Information/faces/mainPage.xhtml HTTP/1.1" 200 481
0:0:0:0:0:0:0:1 - - [10/Dec/2018:21:04:19 +0000] "GET /Students_Information/faces/javax.faces.resource/styles.css?ln=css HTTP/1.1" 304 -
0:0:0:0:0:0:0:1 - - [10/Dec/2018:21:04:19 +0000] "GET /Students_Information/faces/javax.faces.resource/download.jpg HTTP/1.1" 304 -
0:0:0:0:0:0:0:1 - - [10/Dec/2018:21:04:19 +0000] "GET /Students_Information/faces/mainPage.xhtml HTTP/1.1" 200 481
0:0:0:0:0:0:0:1 - - [10/Dec/2018:21:04:19 +0000] "GET /Students_Information/faces/javax.faces.resource/styles.css?ln=css HTTP/1.1" 304 -
0:0:0:0:0:0:0:1 - - [10/Dec/2018:21:04:19 +0000] "GET /Students_Information/faces/javax.faces.resource/download.jpg HTTP/1.1" 304 -
0:0:0:0:0:0:0:1 - - [10/Dec/2018:21:04:19 +0000] "GET /Students_Information/faces/mainPage.xhtml HTTP/1.1" 200 481
0:0:0:0:0:0:0:1 - - [10/Dec/2018:21:04:19 +0000] "GET /Students_Information/faces/javax.faces.resource/styles.css?ln=css HTTP/1.1" 304 -
0:0:0:0:0:0:0:1 - - [10/Dec/2018:21:04:19 +0000] "GET /Students_Information/faces/javax.faces.resource/download.jpg HTTP/1.1" 304 -
0:0:0:0:0:0:0:1 - - [10/Dec/2018:21:04:32 +0000] "GET /Students_Information/faces/mainPage.xhtml HTTP/1.1" 200 481
0:0:0:0:0:0:0:1 - - [10/Dec/2018:21:04:33 +0000] "GET /Students_Information/faces/javax.faces.resource/styles.css?ln=css HTTP/1.1" 200 97
0:0:0:0:0:0:0:1 - - [10/Dec/2018:21:04:33 +0000] "GET /Students_Information/faces/javax.faces.resource/download.jpg HTTP/1.1" 304 -
0:0:0:0:0:0:0:1 - - [10/Dec/2018:21:04:33 +0000] "GET /Students_Information/faces/mainPage.xhtml HTTP/1.1" 200 481
0:0:0:0:0:0:0:1 - - [10/Dec/2018:21:04:33 +0000] "GET /Students_Information/faces/javax.faces.resource/styles.css?ln=css HTTP/1.1" 304 -
0:0:0:0:0:0:0:1 - - [10/Dec/2018:21:04:33 +0000] "GET /Students_Information/faces/javax.faces.resource/download.jpg HTTP/1.1" 304 -
0:0:0:0:0:0:0:1 - - [10/Dec/2018:21:04:49 +0000] "GET /Students_Information/faces/mainPage.xhtml HTTP/1.1" 200 481
0:0:0:0:0:0:0:1 - - [10/Dec/2018:21:04:50 +0000] "GET /Students_Information/faces/javax.faces.resource/styles.css?ln=css HTTP/1.1" 200 98
0:0:0:0:0:0:0:1 - - [10/Dec/2018:21:04:50 +0000] "GET /Students_Information/faces/javax.faces.resource/download.jpg HTTP/1.1" 304 -
0:0:0:0:0:0:0:1 - - [10/Dec/2018:21:05:21 +0000] "GET /Students_Information/faces/mainPage.xhtml HTTP/1.1" 200 481
0:0:0:0:0:0:0:1 - - [10/Dec/2018:21:05:21 +0000] "GET /Students_Information/faces/javax.faces.resource/styles.css?ln=css HTTP/1.1" 200 120
0:0:0:0:0:0:0:1 - - [10/Dec/2018:21:05:21 +0000] "GET /Students_Information/faces/javax.faces.resource/download.jpg HTTP/1.1" 304 -
127.0.0.1 - - [10/Dec/2018:21:06:11 +0000] "GET / HTTP/1.1" 404 1074
0:0:0:0:0:0:0:1 - - [10/Dec/2018:21:06:12 +0000] "GET /Students_Information/faces/mainPage.xhtml HTTP/1.1" 200 613
0:0:0:0:0:0:0:1 - - [10/Dec/2018:21:06:12 +0000] "GET /Students_Information/faces/javax.faces.resource/styles.css;jsessionid=FB488EEEA69D1A7D56FB1E3630BCB404?ln=css HTTP/1.1" 200 120
0:0:0:0:0:0:0:1 - - [10/Dec/2018:21:06:12 +0000] "GET /favicon.ico HTTP/1.1" 404 1085
0:0:0:0:0:0:0:1 - - [10/Dec/2018:21:08:01 +0000] "GET /Students_Information/faces/mainPage.xhtml HTTP/1.1" 200 478
127.0.0.1 - - [10/Dec/2018:21:08:30 +0000] "GET / HTTP/1.1" 404 1074
0:0:0:0:0:0:0:1 - - [10/Dec/2018:21:08:31 +0000] "GET /Students_Information/faces/mainPage.xhtml HTTP/1.1" 200 478
127.0.0.1 - - [10/Dec/2018:21:09:18 +0000] "GET / HTTP/1.1" 404 1074
0:0:0:0:0:0:0:1 - - [10/Dec/2018:21:09:19 +0000] "GET /Students_Information/faces/mainPage.xhtml HTTP/1.1" 200 481
127.0.0.1 - - [10/Dec/2018:21:10:11 +0000] "GET / HTTP/1.1" 404 1074
0:0:0:0:0:0:0:1 - - [10/Dec/2018:21:10:12 +0000] "GET /Students_Information/faces/mainPage.xhtml HTTP/1.1" 200 481
0:0:0:0:0:0:0:1 - - [10/Dec/2018:21:10:26 +0000] "GET /Students_Information/faces/mainPage.xhtml HTTP/1.1" 200 613
0:0:0:0:0:0:0:1 - - [10/Dec/2018:21:10:26 +0000] "GET /Students_Information/faces/javax.faces.resource/styles.css;jsessionid=226F42D6237EFB62FE83D58423D44FCA?ln=css HTTP/1.1" 200 120
127.0.0.1 - - [10/Dec/2018:21:11:02 +0000] "GET / HTTP/1.1" 404 1074
0:0:0:0:0:0:0:1 - - [10/Dec/2018:21:11:03 +0000] "GET /Students_Information/faces/mainPage.xhtml HTTP/1.1" 200 613
0:0:0:0:0:0:0:1 - - [10/Dec/2018:21:11:03 +0000] "GET /Students_Information/faces/javax.faces.resource/styles.css;jsessionid=66F9C8C0ACD846E490E6B55F01E2B558?ln=css HTTP/1.1" 200 120
0:0:0:0:0:0:0:1 - - [10/Dec/2018:21:11:31 +0000] "GET /Students_Information/faces/mainPage.xhtml HTTP/1.1" 200 481
0:0:0:0:0:0:0:1 - - [10/Dec/2018:21:11:31 +0000] "GET /Students_Information/faces/javax.faces.resource/styles.css?ln=css HTTP/1.1" 304 -
0:0:0:0:0:0:0:1 - - [10/Dec/2018:21:11:31 +0000] "GET /Students_Information/faces/javax.faces.resource/download.jpg HTTP/1.1" 304 -
0:0:0:0:0:0:0:1 - - [10/Dec/2018:21:11:36 +0000] "GET /Students_Information/faces/mainPage.xhtml HTTP/1.1" 200 481
0:0:0:0:0:0:0:1 - - [10/Dec/2018:21:11:43 +0000] "GET /Students_Information/faces/courses.xhtml HTTP/1.1" 200 5654
0:0:0:0:0:0:0:1 - - [10/Dec/2018:21:11:45 +0000] "GET /Students_Information/faces/students.xhtml HTTP/1.1" 200 5835
0:0:0:0:0:0:0:1 - - [10/Dec/2018:21:11:49 +0000] "GET /Students_Information/faces/courses.xhtml HTTP/1.1" 200 5655
0:0:0:0:0:0:0:1 - - [10/Dec/2018:21:11:49 +0000] "GET /Students_Information/faces/javax.faces.resource/tables.css?ln=css HTTP/1.1" 200 365
0:0:0:0:0:0:0:1 - - [10/Dec/2018:21:11:49 +0000] "GET /Students_Information/faces/javax.faces.resource/jsf.js?ln=javax.faces HTTP/1.1" 200 41988
0:0:0:0:0:0:0:1 - - [10/Dec/2018:21:11:52 +0000] "GET /Students_Information/faces/mainPage.xhtml HTTP/1.1" 200 481
0:0:0:0:0:0:0:1 - - [10/Dec/2018:21:11:53 +0000] "GET /Students_Information/faces/students.xhtml HTTP/1.1" 200 5835
0:0:0:0:0:0:0:1 - - [10/Dec/2018:21:11:55 +0000] "GET /Students_Information/faces/mainPage.xhtml HTTP/1.1" 200 481
127.0.0.1 - - [10/Dec/2018:21:13:36 +0000] "GET / HTTP/1.1" 404 1074
0:0:0:0:0:0:0:1 - - [10/Dec/2018:21:13:39 +0000] "GET /Students_Information/faces/mainPage.xhtml HTTP/1.1" 200 613
0:0:0:0:0:0:0:1 - - [10/Dec/2018:21:13:39 +0000] "GET /Students_Information/faces/javax.faces.resource/styles.css;jsessionid=C0A5922EA498AD2F076A002897F19EC2?ln=css HTTP/1.1" 200 120
0:0:0:0:0:0:0:1 - - [10/Dec/2018:21:13:39 +0000] "GET /favicon.ico HTTP/1.1" 404 1085
127.0.0.1 - - [10/Dec/2018:21:15:09 +0000] "GET / HTTP/1.1" 404 1074
0:0:0:0:0:0:0:1 - - [10/Dec/2018:21:15:12 +0000] "GET /Students_Information/faces/mainPage.xhtml HTTP/1.1" 200 631
0:0:0:0:0:0:0:1 - - [10/Dec/2018:21:15:12 +0000] "GET /Students_Information/faces/javax.faces.resource/styles.css;jsessionid=5CCD06ED38559A71DD855D70932421E0?ln=css HTTP/1.1" 200 120
0:0:0:0:0:0:0:1 - - [10/Dec/2018:21:15:12 +0000] "GET /favicon.ico HTTP/1.1" 404 1085
127.0.0.1 - - [10/Dec/2018:21:17:07 +0000] "GET / HTTP/1.1" 404 1074
0:0:0:0:0:0:0:1 - - [10/Dec/2018:21:17:08 +0000] "GET /Students_Information/faces/mainPage.xhtml HTTP/1.1" 200 522
0:0:0:0:0:0:0:1 - - [10/Dec/2018:21:19:24 +0000] "GET /Students_Information/faces/mainPage.xhtml HTTP/1.1" 200 507
0:0:0:0:0:0:0:1 - - [10/Dec/2018:21:19:25 +0000] "GET /Students_Information/faces/mainPage.xhtml HTTP/1.1" 200 507
127.0.0.1 - - [10/Dec/2018:21:20:05 +0000] "GET / HTTP/1.1" 404 1074
0:0:0:0:0:0:0:1 - - [10/Dec/2018:21:20:07 +0000] "GET /Students_Information/faces/mainPage.xhtml HTTP/1.1" 200 507
0:0:0:0:0:0:0:1 - - [10/Dec/2018:21:20:25 +0000] "GET /Students_Information/faces/mainPage.xhtml HTTP/1.1" 200 639
0:0:0:0:0:0:0:1 - - [10/Dec/2018:21:20:25 +0000] "GET /Students_Information/faces/javax.faces.resource/styles.css;jsessionid=99A6FC5D83EEFEDCF10A73F1B8130170?ln=css HTTP/1.1" 200 120
0:0:0:0:0:0:0:1 - - [10/Dec/2018:21:20:37 +0000] "GET /Students_Information/faces/mainPage.xhtml HTTP/1.1" 200 508
0:0:0:0:0:0:0:1 - - [10/Dec/2018:21:20:37 +0000] "GET /Students_Information/faces/javax.faces.resource/styles.css?ln=css HTTP/1.1" 304 -
0:0:0:0:0:0:0:1 - - [10/Dec/2018:21:20:37 +0000] "GET /Students_Information/faces/javax.faces.resource/download.jpg HTTP/1.1" 304 -
0:0:0:0:0:0:0:1 - - [10/Dec/2018:21:20:38 +0000] "GET /Students_Information/faces/mainPage.xhtml HTTP/1.1" 200 508
